#-----------------------------------------------------------
# Webtalk v2020.1 (64-bit)
# SW Build 2902540 on Wed May 27 19:54:49 MDT 2020
# IP Build 2902112 on Wed May 27 22:43:36 MDT 2020
# Start of session at: Mon Aug  1 16:09:56 2022
# Process ID: 18908
# Current directory: H:/GitHub/Functions_Procedures_Testbenches/project_3_Functions/project_3_Functions.sim/sim_1/behav/xsim
# Command line: wbtcv.exe -mode batch -source H:/GitHub/Functions_Procedures_Testbenches/project_3_Functions/project_3_Functions.sim/sim_1/behav/xsim/xsim.dir/calc_ones_function_tb_behav/webtalk/xsim_webtalk.tcl -notrace
# Log file: H:/GitHub/Functions_Procedures_Testbenches/project_3_Functions/project_3_Functions.sim/sim_1/behav/xsim/webtalk.log
# Journal file: H:/GitHub/Functions_Procedures_Testbenches/project_3_Functions/project_3_Functions.sim/sim_1/behav/xsim\webtalk.jou
#-----------------------------------------------------------
source H:/GitHub/Functions_Procedures_Testbenches/project_3_Functions/project_3_Functions.sim/sim_1/behav/xsim/xsim.dir/calc_ones_function_tb_behav/webtalk/xsim_webtalk.tcl -notrace
